// Jest Snapshot v1, https://goo.gl/fbAQLP

exports[`LoginView Tests should match to snapshot 1`] = `ShallowWrapper {}`;
