// Jest Snapshot v1, https://goo.gl/fbAQLP

exports[`HomeView should match to snapshot 1`] = `ShallowWrapper {}`;
